error: invalid URL: relative URL with a cannot-be-a-base base
