error: Uncaught (in promise) TypeError: Unsupported scheme "xxx" for module "xxx:". Supported schemes: [
    "data",
    "file",
    "http",
    "https",
]
